// Jest Snapshot v1, https://goo.gl/fbAQLP

exports[`Button component Should match the snapshot 1`] = `
ShallowWrapper {
  "length": 1,
  Symbol(enzyme.__root__): [Circular],
  Symbol(enzyme.__unrendered__): <ButtonComponent
    onPress={[Function]}
    title="Button"
  />,
  Symbol(enzyme.__renderer__): Object {
    "batchedUpdates": [Function],
    "getNode": [Function],
    "render": [Function],
    "simulateEvent": [Function],
    "unmount": [Function],
  },
  Symbol(enzyme.__node__): Object {
    "instance": null,
    "key": undefined,
    "nodeType": "function",
    "props": Object {
      "backgroundColor": "#6b52ae",
      "buttonStyle": Object {
        "borderRadius": 2,
      },
      "containerViewStyle": Object {
        "borderRadius": 2,
      },
      "onPress": [Function],
      "raised": true,
      "title": "Button",
    },
    "ref": null,
    "rendered": null,
    "type": [Function],
  },
  Symbol(enzyme.__nodes__): Array [
    Object {
      "instance": null,
      "key": undefined,
      "nodeType": "function",
      "props": Object {
        "backgroundColor": "#6b52ae",
        "buttonStyle": Object {
          "borderRadius": 2,
        },
        "containerViewStyle": Object {
          "borderRadius": 2,
        },
        "onPress": [Function],
        "raised": true,
        "title": "Button",
      },
      "ref": null,
      "rendered": null,
      "type": [Function],
    },
  ],
  Symbol(enzyme.__options__): Object {
    "adapter": ReactSixteenAdapter {
      "options": Object {
        "enableComponentDidUpdateOnSetState": true,
      },
    },
  },
}
`;
